
   FAIL  Tests\Feature\Models\UserTest
  Γ£ô a user can be created via factory         0.74s  
  Γ£ô a user belongs to a status                0.25s  
  Γ¿» user casts work correctly                 0.06s  
  Γ¿» two factor fields are fillable            0.21s  
  ΓöÇΓöÇΓöÇΓöÇΓöÇΓöÇΓöÇΓöÇΓöÇΓöÇΓöÇΓöÇΓöÇΓöÇΓöÇΓöÇΓöÇΓöÇΓöÇΓöÇΓöÇΓöÇΓöÇΓöÇΓöÇΓöÇΓöÇΓöÇΓöÇΓöÇΓöÇΓöÇΓöÇΓöÇΓöÇΓöÇΓöÇΓöÇΓöÇΓöÇΓöÇΓöÇΓöÇΓöÇΓöÇΓöÇΓöÇΓöÇΓöÇ  
   FAILED  Tests\Feature\Models\UΓÇª  QueryException   
  SQLSTATE[HY000]: General error: 1364 Field 'name' doesn't have a default value (Connection: mariadb, Host: 127.0.0.1, Port: 3307, Database: react_laravel_base_test, SQL: insert into `statuses` (`updated_at`, `created_at`) values (2026-03-19 20:26:17, 2026-03-19 20:26:17))

  at vendor\laravel\framework\src\Illuminate\Database\MySqlConnection.php:53
     49Γûò             $this->bindValues($statement, $this->prepareBindings($bindings));
     50Γûò 
     51Γûò             $this->recordsHaveBeenModified();
     52Γûò 
  Γ₧£  53Γûò             $result = $statement->execute();
     54Γûò 
     55Γûò             $this->lastInsertId = $this->getPdo()->lastInsertId($sequence);
     56Γûò 
     57Γûò             return $result;

  1   vendor\laravel\framework\src\Illuminate\Database\MySqlConnection.php:53
  2   vendor\laravel\framework\src\Illuminate\Database\Connection.php:827

  ΓöÇΓöÇΓöÇΓöÇΓöÇΓöÇΓöÇΓöÇΓöÇΓöÇΓöÇΓöÇΓöÇΓöÇΓöÇΓöÇΓöÇΓöÇΓöÇΓöÇΓöÇΓöÇΓöÇΓöÇΓöÇΓöÇΓöÇΓöÇΓöÇΓöÇΓöÇΓöÇΓöÇΓöÇΓöÇΓöÇΓöÇΓöÇΓöÇΓöÇΓöÇΓöÇΓöÇΓöÇΓöÇΓöÇΓöÇΓöÇΓöÇ  
   FAILED  Tests\Feature\Models\UΓÇª  QueryException   
  SQLSTATE[42S22]: Column not found: 1054 Unknown column 'two_factor_enabled' in 'INSERT INTO' (Connection: mariadb, Host: 127.0.0.1, Port: 3307, Database: react_laravel_base_test, SQL: insert into `users` (`name`, `email`, `email_verified_at`, `password`, `remember_token`, `two_factor_secret`, `two_factor_recovery_codes`, `two_factor_confirmed_at`, `status_id`, `two_factor_enabled`, `updated_at`, `created_at`) values (Kyleigh Haag, kianna.dibbert@example.net, 2026-03-19 20:26:17, $argon2id$v=19$m=65536,t=4,p=1$cTVrZnZSYS9FUmdXZkFOYQ$tAMKqK+YpyWSgAV/wUgBfmFd5kvzVU/R6n2allA0NI8, bHwaYlyeEy, secret123, 6D95WGjz0J, 2026-03-19 20:26:17, 3, 1, 2026-03-19 20:26:18, 2026-03-19 20:26:18))

  at vendor\laravel\framework\src\Illuminate\Database\MySqlConnection.php:47
     43Γûò             if ($this->pretending()) {
     44Γûò                 return true;
     45Γûò             }
     46Γûò 
  Γ₧£  47Γûò             $statement = $this->getPdo()->prepare($query);
     48Γûò 
     49Γûò             $this->bindValues($statement, $this->prepareBindings($bindings));
     50Γûò 
     51Γûò             $this->recordsHaveBeenModified();

  1   vendor\laravel\framework\src\Illuminate\Database\MySqlConnection.php:47
  2   vendor\laravel\framework\src\Illuminate\Database\Connection.php:827


  Tests:    2 failed, 2 passed (5 assertions)
  Duration: 1.40s

